// Jest Snapshot v1, https://goo.gl/fbAQLP

exports[`e2e tests [snapshot] empty strip prefix 1`] = `
"----------------------------------------------------
modules/no-prefix/1.0.0/MODULE.bazel
----------------------------------------------------
module(
    name = \\"no-prefix\\",
    version = \\"1.0.0\\",
)
----------------------------------------------------
modules/no-prefix/1.0.0/presubmit.yml
----------------------------------------------------
bcr_test_module:
  module_path: \\"e2e/bzlmod\\"
  matrix:
    platform: [\\"debian10\\", \\"macos\\", \\"ubuntu2004\\", \\"windows\\"]
  tasks:
    run_tests:
      name: \\"Run test module\\"
      platform: \${{ platform }}
      test_targets:
        - \\"//...\\"

----------------------------------------------------
modules/no-prefix/1.0.0/source.json
----------------------------------------------------
{
    \\"integrity\\": \\"sha256-C+/h1qGARuDojvPpWzmYG2DbGxno+auAp2AeVWDgHpI=\\",
    \\"url\\": \\"https://github.com/testorg/no-prefix/archive/refs/tags/v1.0.0.tar.gz\\"
}

----------------------------------------------------
modules/no-prefix/metadata.json
----------------------------------------------------
{
    \\"homepage\\": \\"https://github.com/testorg/no-prefix\\",
    \\"maintainers\\": [
        {
            \\"name\\": \\"Foo McBar\\",
            \\"email\\": \\"foo@test.org\\",
            \\"github\\": \\"foobar\\"
        }
    ],
    \\"repository\\": [
        \\"github:testorg/no-prefix\\"
    ],
    \\"versions\\": [
        \\"1.0.0\\"
    ],
    \\"yanked_versions\\": {}
}

"
`;

exports[`e2e tests [snapshot] error message for incorrect strip prefix 1`] = `
"Failed to publish entry for testorg/versioned@v1.0.0 to the Bazel Central Registry.

Could not find MODULE.bazel in release archive at ./versioned-1.0.0/MODULE.bazel.
Is the strip prefix in source.template.json correct? (currently it's 'versioned-1.0.0')

"
`;

exports[`e2e tests [snapshot] missing strip prefix 1`] = `
"----------------------------------------------------
modules/empty-prefix/1.0.0/MODULE.bazel
----------------------------------------------------
module(
    name = \\"empty-prefix\\",
    version = \\"1.0.0\\",
)
----------------------------------------------------
modules/empty-prefix/1.0.0/presubmit.yml
----------------------------------------------------
bcr_test_module:
  module_path: \\"e2e/bzlmod\\"
  matrix:
    platform: [\\"debian10\\", \\"macos\\", \\"ubuntu2004\\", \\"windows\\"]
  tasks:
    run_tests:
      name: \\"Run test module\\"
      platform: \${{ platform }}
      test_targets:
        - \\"//...\\"

----------------------------------------------------
modules/empty-prefix/1.0.0/source.json
----------------------------------------------------
{
    \\"integrity\\": \\"sha256-SZyzKXKklQTcm3nek6r6A6C+eU/hcJqbsIolv2cHNp0=\\",
    \\"strip_prefix\\": \\"\\",
    \\"url\\": \\"https://github.com/testorg/empty-prefix/archive/refs/tags/v1.0.0.tar.gz\\"
}

----------------------------------------------------
modules/empty-prefix/metadata.json
----------------------------------------------------
{
    \\"homepage\\": \\"https://github.com/testorg/empty-prefix\\",
    \\"maintainers\\": [
        {
            \\"name\\": \\"Foo McBar\\",
            \\"email\\": \\"foo@test.org\\",
            \\"github\\": \\"foobar\\"
        }
    ],
    \\"repository\\": [
        \\"github:testorg/empty-prefix\\"
    ],
    \\"versions\\": [
        \\"1.0.0\\"
    ],
    \\"yanked_versions\\": {}
}

"
`;

exports[`e2e tests [snapshot] ruleset with tarball release archive 1`] = `
"----------------------------------------------------
modules/tarball/1.0.0/MODULE.bazel
----------------------------------------------------
module(
    name = \\"tarball\\",
    version = \\"1.0.0\\",
)
----------------------------------------------------
modules/tarball/1.0.0/presubmit.yml
----------------------------------------------------
bcr_test_module:
  module_path: \\"e2e/bzlmod\\"
  matrix:
    platform: [\\"debian10\\", \\"macos\\", \\"ubuntu2004\\", \\"windows\\"]
  tasks:
    run_tests:
      name: \\"Run test module\\"
      platform: \${{ platform }}
      test_targets:
        - \\"//...\\"

----------------------------------------------------
modules/tarball/1.0.0/source.json
----------------------------------------------------
{
    \\"integrity\\": \\"sha256-OSeDLWfRYlYyur+lXnrIys8CuAsVQ5axng+LpVHs3c4=\\",
    \\"strip_prefix\\": \\"tarball-1.0.0\\",
    \\"url\\": \\"https://github.com/testorg/tarball/archive/refs/tags/v1.0.0.tar.gz\\"
}

----------------------------------------------------
modules/tarball/metadata.json
----------------------------------------------------
{
    \\"homepage\\": \\"https://github.com/testorg/tarball\\",
    \\"maintainers\\": [
        {
            \\"name\\": \\"Foo McBar\\",
            \\"email\\": \\"foo@test.org\\",
            \\"github\\": \\"foobar\\"
        }
    ],
    \\"repository\\": [
        \\"github:testorg/tarball\\"
    ],
    \\"versions\\": [
        \\"1.0.0\\"
    ],
    \\"yanked_versions\\": {}
}

"
`;

exports[`e2e tests [snapshot] ruleset with unversioned module in source 1`] = `
"----------------------------------------------------
modules/unversioned/1.0.0/MODULE.bazel
----------------------------------------------------
module(
    name = \\"unversioned\\",
  version = \\"1.0.0\\",
)

----------------------------------------------------
modules/unversioned/1.0.0/patches/module_dot_bazel_version.patch
----------------------------------------------------
===================================================================
--- a/MODULE.bazel
+++ b/MODULE.bazel
@@ -1,3 +1,4 @@
 module(
-    name = \\"unversioned\\"
+    name = \\"unversioned\\",
+  version = \\"1.0.0\\",
 )

----------------------------------------------------
modules/unversioned/1.0.0/presubmit.yml
----------------------------------------------------
bcr_test_module:
  module_path: \\"e2e/bzlmod\\"
  matrix:
    platform: [\\"debian10\\", \\"macos\\", \\"ubuntu2004\\", \\"windows\\"]
  tasks:
    run_tests:
      name: \\"Run test module\\"
      platform: \${{ platform }}
      test_targets:
        - \\"//...\\"

----------------------------------------------------
modules/unversioned/1.0.0/source.json
----------------------------------------------------
{
    \\"integrity\\": \\"sha256-oLg/mgWyhr6DFepRYkjoPphQ8KOriLgu6M4x2RSsLbU=\\",
    \\"strip_prefix\\": \\"unversioned-1.0.0\\",
    \\"url\\": \\"https://github.com/testorg/unversioned/archive/refs/tags/v1.0.0.tar.gz\\",
    \\"patches\\": {
        \\"module_dot_bazel_version.patch\\": \\"sha256-LGXyh9FLhgIPbe0gHfxAPnEQ7HVR+HUP/IDbPdl3ZkA=\\"
    },
    \\"patch_strip\\": 1
}

----------------------------------------------------
modules/unversioned/metadata.json
----------------------------------------------------
{
    \\"homepage\\": \\"https://github.com/testorg/unversioned\\",
    \\"maintainers\\": [
        {
            \\"name\\": \\"Foo McBar\\",
            \\"email\\": \\"foo@test.org\\",
            \\"github\\": \\"foobar\\"
        }
    ],
    \\"repository\\": [
        \\"github:testorg/unversioned\\"
    ],
    \\"versions\\": [
        \\"1.0.0\\"
    ],
    \\"yanked_versions\\": {}
}

"
`;

exports[`e2e tests [snapshot] ruleset with versioned module in source 1`] = `
"----------------------------------------------------
modules/versioned/1.0.0/MODULE.bazel
----------------------------------------------------
module(
    name = \\"versioned\\",
    version = \\"1.0.0\\",
)
----------------------------------------------------
modules/versioned/1.0.0/presubmit.yml
----------------------------------------------------
bcr_test_module:
  module_path: \\"e2e/bzlmod\\"
  matrix:
    platform: [\\"debian10\\", \\"macos\\", \\"ubuntu2004\\", \\"windows\\"]
  tasks:
    run_tests:
      name: \\"Run test module\\"
      platform: \${{ platform }}
      test_targets:
        - \\"//...\\"

----------------------------------------------------
modules/versioned/1.0.0/source.json
----------------------------------------------------
{
    \\"integrity\\": \\"sha256-bQZY1F6G6wJWatGQeMeCh3OgsliTX4fazGsblBLV9jY=\\",
    \\"strip_prefix\\": \\"versioned-1.0.0\\",
    \\"url\\": \\"https://github.com/testorg/versioned/archive/refs/tags/v1.0.0.tar.gz\\"
}

----------------------------------------------------
modules/versioned/metadata.json
----------------------------------------------------
{
    \\"homepage\\": \\"https://github.com/testorg/versioned\\",
    \\"maintainers\\": [
        {
            \\"name\\": \\"Foo McBar\\",
            \\"email\\": \\"foo@test.org\\",
            \\"github\\": \\"foobar\\"
        }
    ],
    \\"repository\\": [
        \\"github:testorg/versioned\\"
    ],
    \\"versions\\": [
        \\"1.0.0\\"
    ],
    \\"yanked_versions\\": {}
}

"
`;

exports[`e2e tests [snapshot] ruleset with zero-versioned module in source 1`] = `
"----------------------------------------------------
modules/zero-versioned/1.0.0/MODULE.bazel
----------------------------------------------------
module(
    name = \\"zero-versioned\\",
    version = \\"1.0.0\\",
)

----------------------------------------------------
modules/zero-versioned/1.0.0/patches/module_dot_bazel_version.patch
----------------------------------------------------
===================================================================
--- a/MODULE.bazel
+++ b/MODULE.bazel
@@ -1,4 +1,4 @@
 module(
     name = \\"zero-versioned\\",
-    version = \\"0.0.0\\",
+    version = \\"1.0.0\\",
 )

----------------------------------------------------
modules/zero-versioned/1.0.0/presubmit.yml
----------------------------------------------------
bcr_test_module:
  module_path: \\"e2e/bzlmod\\"
  matrix:
    platform: [\\"debian10\\", \\"macos\\", \\"ubuntu2004\\", \\"windows\\"]
  tasks:
    run_tests:
      name: \\"Run test module\\"
      platform: \${{ platform }}
      test_targets:
        - \\"//...\\"

----------------------------------------------------
modules/zero-versioned/1.0.0/source.json
----------------------------------------------------
{
    \\"integrity\\": \\"sha256-sLh05DKTEOuO3vz9+IDUJJNOf0GSLxdGDJ8qOLZRUCQ=\\",
    \\"strip_prefix\\": \\"zero-versioned-1.0.0\\",
    \\"url\\": \\"https://github.com/testorg/zero-versioned/archive/refs/tags/v1.0.0.tar.gz\\",
    \\"patches\\": {
        \\"module_dot_bazel_version.patch\\": \\"sha256-KpbuC1vv5mfhdTs5nnTl3/pH7Y/6JCnD1b1XLsqyOAo=\\"
    },
    \\"patch_strip\\": 1
}

----------------------------------------------------
modules/zero-versioned/metadata.json
----------------------------------------------------
{
    \\"homepage\\": \\"https://github.com/testorg/zero-versioned\\",
    \\"maintainers\\": [
        {
            \\"name\\": \\"Foo McBar\\",
            \\"email\\": \\"foo@test.org\\",
            \\"github\\": \\"foobar\\"
        }
    ],
    \\"repository\\": [
        \\"github:testorg/zero-versioned\\"
    ],
    \\"versions\\": [
        \\"1.0.0\\"
    ],
    \\"yanked_versions\\": {}
}

"
`;

exports[`e2e tests [snapshot] ruleset with zip release archive 1`] = `
"----------------------------------------------------
modules/zip/1.0.0/MODULE.bazel
----------------------------------------------------
module(
    name = \\"zip\\",
    version = \\"1.0.0\\",
)
----------------------------------------------------
modules/zip/1.0.0/presubmit.yml
----------------------------------------------------
bcr_test_module:
  module_path: \\"e2e/bzlmod\\"
  matrix:
    platform: [\\"debian10\\", \\"macos\\", \\"ubuntu2004\\", \\"windows\\"]
  tasks:
    run_tests:
      name: \\"Run test module\\"
      platform: \${{ platform }}
      test_targets:
        - \\"//...\\"

----------------------------------------------------
modules/zip/1.0.0/source.json
----------------------------------------------------
{
    \\"integrity\\": \\"sha256-7qAmTBNY+y8DVPhj5nuzZFflX9tWa1h2OfuUMSUg6Hs=\\",
    \\"strip_prefix\\": \\"zip-1.0.0\\",
    \\"url\\": \\"https://github.com/testorg/zip/archive/refs/tags/v1.0.0.zip\\"
}

----------------------------------------------------
modules/zip/metadata.json
----------------------------------------------------
{
    \\"homepage\\": \\"https://github.com/testorg/zip\\",
    \\"maintainers\\": [
        {
            \\"name\\": \\"Foo McBar\\",
            \\"email\\": \\"foo@test.org\\",
            \\"github\\": \\"foobar\\"
        }
    ],
    \\"repository\\": [
        \\"github:testorg/zip\\"
    ],
    \\"versions\\": [
        \\"1.0.0\\"
    ],
    \\"yanked_versions\\": {}
}

"
`;
